   Compiling cbs_dao v0.1.0 (/home/smitskecbs/cbs-coin/dao-mainnet/programs/cbs_dao)
warning: unexpected `cfg` condition value: `custom-heap`
 --> src/lib.rs:7:1
  |
7 | #[program]
  | ^^^^^^^^^^
  |
  = note: expected values for `feature` are: `cpi`, `default`, `idl-build`, `no-entrypoint`, `no-idl`, and `no-log-ix-name`
  = help: consider adding `custom-heap` as a feature in `Cargo.toml`
  = note: see <https://doc.rust-lang.org/nightly/rustc/check-cfg/cargo-specifics.html> for more information about checking conditional configuration
  = note: `#[warn(unexpected_cfgs)]` on by default
  = note: this warning originates in the macro `$crate::custom_heap_default` which comes from the expansion of the attribute macro `program` (in Nightly builds, run with -Z macro-backtrace for more info)

warning: unexpected `cfg` condition value: `custom-panic`
 --> src/lib.rs:7:1
  |
7 | #[program]
  | ^^^^^^^^^^
  |
  = note: expected values for `feature` are: `cpi`, `default`, `idl-build`, `no-entrypoint`, `no-idl`, and `no-log-ix-name`
  = help: consider adding `custom-panic` as a feature in `Cargo.toml`
  = note: see <https://doc.rust-lang.org/nightly/rustc/check-cfg/cargo-specifics.html> for more information about checking conditional configuration
  = note: this warning originates in the macro `$crate::custom_panic_default` which comes from the expansion of the attribute macro `program` (in Nightly builds, run with -Z macro-backtrace for more info)

warning: unexpected `cfg` condition value: `anchor-debug`
 --> src/lib.rs:7:1
  |
7 | #[program]
  | ^^^^^^^^^^
  |
  = note: expected values for `feature` are: `cpi`, `default`, `idl-build`, `no-entrypoint`, `no-idl`, and `no-log-ix-name`
  = help: consider adding `anchor-debug` as a feature in `Cargo.toml`
  = note: see <https://doc.rust-lang.org/nightly/rustc/check-cfg/cargo-specifics.html> for more information about checking conditional configuration
  = note: this warning originates in the attribute macro `program` (in Nightly builds, run with -Z macro-backtrace for more info)

warning: unexpected `cfg` condition value: `anchor-debug`
 --> src/lib.rs:7:1
  |
7 | #[program]
  | ^^^^^^^^^^
  |
  = note: expected values for `feature` are: `cpi`, `default`, `idl-build`, `no-entrypoint`, `no-idl`, and `no-log-ix-name`
  = help: consider adding `anchor-debug` as a feature in `Cargo.toml`
  = note: see <https://doc.rust-lang.org/nightly/rustc/check-cfg/cargo-specifics.html> for more information about checking conditional configuration
  = note: this warning originates in the derive macro `Accounts` (in Nightly builds, run with -Z macro-backtrace for more info)

warning: unexpected `cfg` condition value: `anchor-debug`
  --> src/lib.rs:65:10
   |
65 | #[derive(Accounts)]
   |          ^^^^^^^^
   |
   = note: expected values for `feature` are: `cpi`, `default`, `idl-build`, `no-entrypoint`, `no-idl`, and `no-log-ix-name`
   = help: consider adding `anchor-debug` as a feature in `Cargo.toml`
   = note: see <https://doc.rust-lang.org/nightly/rustc/check-cfg/cargo-specifics.html> for more information about checking conditional configuration
   = note: this warning originates in the derive macro `Accounts` (in Nightly builds, run with -Z macro-backtrace for more info)

warning: unexpected `cfg` condition value: `anchor-debug`
  --> src/lib.rs:80:10
   |
80 | #[derive(Accounts)]
   |          ^^^^^^^^
   |
   = note: expected values for `feature` are: `cpi`, `default`, `idl-build`, `no-entrypoint`, `no-idl`, and `no-log-ix-name`
   = help: consider adding `anchor-debug` as a feature in `Cargo.toml`
   = note: see <https://doc.rust-lang.org/nightly/rustc/check-cfg/cargo-specifics.html> for more information about checking conditional configuration
   = note: this warning originates in the derive macro `Accounts` (in Nightly builds, run with -Z macro-backtrace for more info)

warning: unexpected `cfg` condition value: `anchor-debug`
   --> src/lib.rs:104:10
    |
104 | #[derive(Accounts)]
    |          ^^^^^^^^
    |
    = note: expected values for `feature` are: `cpi`, `default`, `idl-build`, `no-entrypoint`, `no-idl`, and `no-log-ix-name`
    = help: consider adding `anchor-debug` as a feature in `Cargo.toml`
    = note: see <https://doc.rust-lang.org/nightly/rustc/check-cfg/cargo-specifics.html> for more information about checking conditional configuration
    = note: this warning originates in the derive macro `Accounts` (in Nightly builds, run with -Z macro-backtrace for more info)

warning: use of deprecated method `anchor_lang::prelude::AccountInfo::<'a>::realloc`: Use AccountInfo::resize() instead
 --> src/lib.rs:7:1
  |
7 | #[program]
  | ^^^^^^^^^^
  |
  = note: `#[warn(deprecated)]` on by default
  = note: this warning originates in the attribute macro `program` (in Nightly builds, run with -Z macro-backtrace for more info)

warning: `cbs_dao` (lib) generated 13 warnings (5 duplicates)
    Finished `release` profile [optimized] target(s) in 2.46s
   Compiling serde v1.0.219
   Compiling generic-array v0.14.7
   Compiling syn v2.0.106
   Compiling syn v1.0.109
   Compiling subtle v2.6.1
   Compiling libc v0.2.175
   Compiling crypto-common v0.1.6
   Compiling block-buffer v0.10.4
   Compiling digest v0.10.7
   Compiling once_cell v1.21.3
   Compiling borsh v1.5.7
   Compiling five8_core v0.1.2
   Compiling five8 v0.2.1
   Compiling bytemuck v1.23.2
   Compiling solana-atomic-u64 v2.2.1
   Compiling solana-sanitize v2.2.1
   Compiling getrandom v0.2.16
   Compiling ahash v0.8.12
   Compiling rand_core v0.6.4
   Compiling curve25519-dalek v4.1.3
   Compiling hashbrown v0.13.2
   Compiling sha2 v0.10.9
   Compiling zeroize v1.3.0
   Compiling solana-decode-error v2.3.0
   Compiling five8_const v0.1.4
   Compiling solana-msg v2.2.1
   Compiling solana-program-memory v2.3.1
   Compiling digest v0.9.0
   Compiling cc v1.2.34
   Compiling libsecp256k1-core v0.2.2
   Compiling getrandom v0.1.16
   Compiling borsh-derive-internal v0.10.4
   Compiling serde_derive v1.0.219
   Compiling bytemuck_derive v1.10.1
   Compiling borsh-schema-derive-internal v0.10.4
   Compiling curve25519-dalek-derive v0.1.1
   Compiling solana-sdk-macro v2.2.1
   Compiling thiserror-impl v1.0.69
   Compiling blake3 v1.8.2
   Compiling rand_core v0.5.1
   Compiling libsecp256k1-gen-genmult v0.2.1
   Compiling libsecp256k1-gen-ecmult v0.2.1
   Compiling constant_time_eq v0.3.1
   Compiling thiserror v1.0.69
   Compiling log v0.4.27
   Compiling arrayvec v0.7.6
   Compiling thiserror v2.0.16
   Compiling libsecp256k1 v0.6.0
   Compiling rand_chacha v0.2.2
   Compiling thiserror-impl v2.0.16
   Compiling block-buffer v0.9.0
   Compiling keccak v0.1.5
   Compiling lazy_static v1.5.0
   Compiling sha3 v0.10.8
   Compiling sha2 v0.9.9
   Compiling rand v0.7.3
   Compiling bitflags v2.9.3
   Compiling base64 v0.12.3
   Compiling regex-automata v0.4.10
   Compiling memoffset v0.9.1
   Compiling num-derive v0.4.2
   Compiling rand_chacha v0.3.1
   Compiling serde_spanned v0.6.9
   Compiling toml_datetime v0.6.11
   Compiling toml_edit v0.22.27
   Compiling toml v0.5.11
   Compiling bincode v1.3.3
   Compiling serde_json v1.0.143
   Compiling proc-macro-crate v0.1.5
   Compiling borsh-derive v0.10.4
   Compiling borsh v0.10.4
   Compiling serde_bytes v0.11.17
   Compiling proc-macro-crate v3.3.0
   Compiling toml v0.8.23
   Compiling solana-fee-calculator v2.2.1
   Compiling solana-short-vec v2.2.1
   Compiling bv v0.11.1
   Compiling cargo_toml v0.19.2
   Compiling borsh-derive v1.5.7
   Compiling anchor-lang-idl-spec v0.1.0
   Compiling solana-serde-varint v2.2.2
   Compiling base64 v0.22.1
   Compiling anchor-syn v0.31.1
   Compiling solana-hash v2.3.0
   Compiling solana-borsh v2.2.1
   Compiling solana-sha256-hasher v2.3.0
   Compiling solana-keccak-hasher v2.2.1
   Compiling solana-pubkey v2.4.0
   Compiling solana-blake3-hasher v2.2.1
   Compiling anchor-lang-idl v0.1.2
   Compiling solana-instruction v2.3.0
   Compiling solana-sdk-ids v2.2.1
   Compiling solana-program-error v2.2.2
   Compiling solana-sysvar-id v2.2.1
   Compiling solana-system-interface v1.0.0
   Compiling solana-account-info v2.3.0
   Compiling solana-clock v2.2.2
   Compiling solana-slot-hashes v2.2.1
   Compiling solana-rent v2.2.1
   Compiling solana-serialize-utils v2.2.1
   Compiling solana-cpi v2.2.1
   Compiling solana-transaction-error v2.2.1
   Compiling solana-bincode v2.2.1
   Compiling solana-stake-interface v1.2.1
   Compiling solana-message v2.4.0
   Compiling solana-instructions-sysvar v2.2.2
   Compiling solana-address-lookup-table-interface v2.2.2
   Compiling solana-account v2.2.1
   Compiling solana-program-entrypoint v2.3.0
   Compiling solana-last-restart-slot v2.2.1
   Compiling solana-epoch-rewards v2.2.1
   Compiling solana-epoch-schedule v2.2.1
   Compiling solana-slot-history v2.2.1
   Compiling solana-nonce v2.2.1
   Compiling solana-sysvar v2.3.0
   Compiling solana-feature-gate-interface v2.2.2
   Compiling solana-example-mocks v2.2.1
   Compiling solana-vote-interface v2.2.6
   Compiling solana-loader-v4-interface v2.2.1
   Compiling solana-loader-v3-interface v5.0.0
   Compiling solana-program-pack v2.2.1
   Compiling solana-loader-v2-interface v2.2.1
   Compiling solana-stable-layout v2.2.1
   Compiling solana-secp256k1-recover v2.2.1
   Compiling regex v1.11.2
   Compiling rand v0.8.5
   Compiling solana-big-mod-exp v2.2.1
   Compiling solana-program-option v2.2.1
   Compiling bs58 v0.5.1
   Compiling solana-native-token v2.3.0
   Compiling anchor-attribute-access-control v0.31.1
   Compiling anchor-derive-accounts v0.31.1
   Compiling anchor-attribute-program v0.31.1
   Compiling anchor-attribute-event v0.31.1
   Compiling anchor-attribute-account v0.31.1
   Compiling solana-program v2.3.0
   Compiling anchor-derive-serde v0.31.1
   Compiling anchor-attribute-constant v0.31.1
   Compiling anchor-attribute-error v0.31.1
   Compiling anchor-derive-space v0.31.1
   Compiling base64 v0.21.7
   Compiling anchor-lang v0.31.1
   Compiling cbs_dao v0.1.0 (/home/smitskecbs/cbs-coin/dao-mainnet/programs/cbs_dao)
    Finished `test` profile [unoptimized + debuginfo] target(s) in 11.85s
     Running unittests src/lib.rs (target/debug/deps/cbs_dao-4448f3c3007ef98f)
